npm warn Unknown global config "tmp". This will stop working in the next major version of npm. See `npm help npmrc` for supported config options.

> template-project-frontend@0.1.0 dev
> vite --host 127.0.0.1 --port 5173


  VITE v6.4.2  ready in 82 ms

  ➜  Local:   http://127.0.0.1:5173/
npm warn Unknown global config "tmp". This will stop working in the next major version of npm. See `npm help npmrc` for supported config options.

> template-project-frontend@0.1.0 dev
> vite --host 127.0.0.1 --port 5173


  VITE v6.4.2  ready in 93 ms

  ➜  Local:   http://127.0.0.1:5173/
npm warn Unknown global config "tmp". This will stop working in the next major version of npm. See `npm help npmrc` for supported config options.

> template-project-frontend@0.1.0 dev
> vite --host 127.0.0.1 --port 5173


  VITE v6.4.2  ready in 77 ms

  ➜  Local:   http://127.0.0.1:5173/

> template-project-frontend@1.0.2 dev
> vite --host 127.0.0.1 --port 5173


  VITE v8.2.2  ready in 162 ms

  ➜  Local:   http://127.0.0.1:5173/
5:57:58 AM [vite] (client) page reload coverage/index.html
5:57:58 AM [vite] (client) page reload coverage/src/index.html
5:57:58 AM [vite] (client) page reload coverage/src/project-profile.ts.html
5:57:58 AM [vite] (client) page reload coverage/src/api/backend.ts.html
5:57:58 AM [vite] (client) page reload coverage/src/api/index.html

> template-project-frontend@1.0.2 dev
> vite --host 127.0.0.1 --port 5173


  VITE v8.2.2  ready in 122 ms

  ➜  Local:   http://127.0.0.1:5173/
6:01:27 AM [vite] (client) page reload coverage/index.html
6:01:27 AM [vite] (client) page reload coverage/src/index.html
6:01:27 AM [vite] (client) page reload coverage/src/project-profile.ts.html
6:01:27 AM [vite] (client) page reload coverage/src/api/backend.ts.html
6:01:27 AM [vite] (client) page reload coverage/src/api/index.html

> template-project-frontend@1.0.3 dev
> vite --host 127.0.0.1 --port 5173


  VITE v8.2.2  ready in 115 ms

  ➜  Local:   http://127.0.0.1:5173/
6:17:48 AM [vite] (client) page reload coverage/index.html
6:17:48 AM [vite] (client) page reload coverage/src/index.html
6:17:48 AM [vite] (client) page reload coverage/src/project-profile.ts.html
6:17:48 AM [vite] (client) page reload coverage/src/api/backend.ts.html
6:17:48 AM [vite] (client) page reload coverage/src/api/index.html
